// Jest Snapshot v1, https://goo.gl/fbAQLP

exports[`DetailsTemplate component renders DetailsTemplate 1`] = `
<DocumentFragment>
  <figure>
    <img />
    <figcaption
      data-testid="id"
      style="font-size: 25px;"
    >
      Arnold Shortman
    </figcaption>
  </figure>
</DocumentFragment>
`;
